\BOOKMARK [1][-]{section.1}{\376\377\000T\000e\000o\000r\000i\000a\000\040\000d\000e\000l\000l\000a\000\040\000p\000r\000o\000b\000a\000b\000i\000l\000i\000t\000\340}{}% 1
\BOOKMARK [2][-]{subsection.1.1}{\376\377\000I\000n\000t\000r\000o\000d\000u\000z\000i\000o\000n\000e}{section.1}% 2
\BOOKMARK [2][-]{subsection.1.2}{\376\377\000A\000s\000s\000i\000o\000m\000i\000\040\000d\000e\000l\000l\000a\000\040\000t\000e\000o\000r\000i\000a\000\040\000d\000e\000l\000l\000a\000\040\000p\000r\000o\000b\000a\000b\000i\000l\000i\000t\000\340}{section.1}% 3
\BOOKMARK [1][-]{section.2}{\376\377\000S\000p\000a\000z\000i\000\040\000d\000i\000\040\000p\000r\000o\000b\000a\000b\000i\000l\000i\000t\000\340}{}% 4
\BOOKMARK [2][-]{subsection.2.1}{\376\377\000S\000p\000a\000z\000i\000\040\000d\000i\000\040\000p\000r\000o\000b\000a\000b\000i\000l\000i\000t\000\340\000\040\000f\000i\000n\000i\000t\000i}{section.2}% 5
\BOOKMARK [2][-]{subsection.2.2}{\376\377\000S\000p\000a\000z\000i\000\040\000d\000i\000\040\000p\000r\000o\000b\000a\000b\000i\000l\000i\000t\000\340\000\040\000u\000n\000i\000f\000o\000r\000m\000i}{section.2}% 6
\BOOKMARK [1][-]{section.3}{\376\377\000C\000a\000l\000c\000o\000l\000o\000\040\000c\000o\000m\000b\000i\000n\000a\000t\000o\000r\000i\000o}{}% 7
\BOOKMARK [1][-]{section.4}{\376\377\000P\000r\000o\000b\000a\000b\000i\000l\000i\000t\000\340\000\040\000c\000o\000n\000d\000i\000z\000i\000o\000n\000a\000t\000a}{}% 8
\BOOKMARK [2][-]{subsection.4.1}{\376\377\000F\000o\000r\000m\000u\000l\000a\000\040\000d\000e\000l\000l\000e\000\040\000p\000r\000o\000b\000a\000b\000i\000l\000i\000t\000\340\000\040\000c\000o\000m\000p\000o\000s\000t\000e}{section.4}% 9
\BOOKMARK [2][-]{subsection.4.2}{\376\377\000F\000o\000r\000m\000u\000l\000a\000\040\000d\000e\000l\000l\000e\000\040\000p\000r\000o\000b\000a\000b\000i\000l\000i\000t\000\340\000\040\000t\000o\000t\000a\000l\000i}{section.4}% 10
\BOOKMARK [2][-]{subsection.4.3}{\376\377\000F\000o\000r\000m\000u\000l\000a\000\040\000d\000i\000\040\000B\000a\000y\000e\000s}{section.4}% 11
\BOOKMARK [1][-]{section.5}{\376\377\000I\000n\000d\000i\000p\000e\000n\000d\000e\000n\000z\000a\000\040\000d\000e\000g\000l\000i\000\040\000e\000v\000e\000n\000t\000i}{}% 12
\BOOKMARK [2][-]{subsection.5.1}{\376\377\000I\000n\000d\000i\000p\000e\000n\000d\000e\000n\000z\000a\000\040\000c\000o\000n\000d\000i\000z\000i\000o\000n\000a\000t\000a}{section.5}% 13
\BOOKMARK [1][-]{section.6}{\376\377\000V\000a\000r\000i\000a\000b\000i\000l\000i\000\040\000c\000a\000s\000u\000a\000l\000i}{}% 14
\BOOKMARK [2][-]{subsection.6.1}{\376\377\000C\000a\000r\000a\000t\000t\000e\000r\000i\000z\000z\000a\000z\000i\000o\000n\000e\000\040\000d\000e\000l\000l\000e\000\040\000v\000a\000r\000i\000a\000b\000i\000l\000i\000\040\000c\000a\000s\000u\000a\000l\000i}{section.6}% 15
\BOOKMARK [3][-]{subsubsection.6.1.1}{\376\377\000V\000a\000r\000i\000a\000b\000i\000l\000i\000\040\000c\000a\000s\000u\000a\000l\000i\000\040\000d\000i\000s\000c\000r\000e\000t\000e}{subsection.6.1}% 16
\BOOKMARK [3][-]{subsubsection.6.1.2}{\376\377\000V\000a\000r\000i\000a\000b\000i\000l\000i\000\040\000c\000a\000s\000u\000a\000l\000i\000\040\000c\000o\000n\000t\000i\000n\000u\000e}{subsection.6.1}% 17
\BOOKMARK [2][-]{subsection.6.2}{\376\377\000M\000e\000d\000i\000a\000,\000\040\000v\000a\000r\000i\000a\000n\000z\000a\000\040\000e\000\040\000v\000a\000l\000o\000r\000e\000\040\000a\000t\000t\000e\000s\000o\000\040\000d\000i\000\040\000v\000a\000r\000i\000a\000b\000i\000l\000i\000\040\000c\000a\000s\000u\000a\000l\000i}{section.6}% 18
\BOOKMARK [2][-]{subsection.6.3}{\376\377\000C\000o\000v\000a\000r\000i\000a\000n\000z\000a\000\040\000f\000r\000a\000\040\000d\000u\000e\000\040\000v\000a\000r\000i\000a\000b\000i\000l\000i\000\040\000c\000a\000s\000u\000a\000l\000i}{section.6}% 19
\BOOKMARK [2][-]{subsection.6.4}{\376\377\000M\000o\000d\000e\000l\000l\000i\000\040\000d\000i\000\040\000v\000a\000r\000i\000a\000b\000i\000l\000i\000\040\000c\000a\000s\000u\000a\000l\000i}{section.6}% 20
\BOOKMARK [3][-]{subsubsection.6.4.1}{\376\377\000V\000a\000r\000i\000a\000b\000i\000l\000i\000\040\000c\000a\000s\000u\000a\000l\000i\000\040\000n\000o\000r\000m\000a\000l\000i}{subsection.6.4}% 21
\BOOKMARK [3][-]{subsubsection.6.4.2}{\376\377\000V\000a\000r\000i\000a\000b\000i\000l\000i\000\040\000c\000a\000s\000u\000a\000l\000i\000\040\000u\000n\000i\000f\000o\000r\000m\000i}{subsection.6.4}% 22
\BOOKMARK [3][-]{subsubsection.6.4.3}{\376\377\000V\000a\000r\000i\000a\000b\000i\000l\000i\000\040\000c\000a\000s\000u\000a\000l\000i\000\040\000e\000s\000p\000o\000n\000e\000n\000z\000i\000a\000l\000i}{subsection.6.4}% 23
\BOOKMARK [2][-]{subsection.6.5}{\376\377\000A\000l\000g\000e\000b\000r\000a\000\040\000s\000u\000\040\000v\000a\000r\000i\000a\000b\000i\000l\000i\000\040\000c\000a\000s\000u\000a\000l\000i}{section.6}% 24
\BOOKMARK [1][-]{section.7}{\376\377\000V\000e\000t\000t\000o\000r\000i\000\040\000d\000i\000\040\000v\000a\000r\000i\000a\000b\000i\000l\000i\000\040\000c\000a\000s\000u\000a\000l\000i}{}% 25
\BOOKMARK [2][-]{subsection.7.1}{\376\377\000V\000e\000t\000t\000o\000r\000i\000\040\000a\000l\000e\000a\000t\000o\000r\000i\000\040\000d\000i\000s\000c\000r\000e\000t\000i}{section.7}% 26
\BOOKMARK [2][-]{subsection.7.2}{\376\377\000V\000e\000t\000t\000o\000r\000i\000\040\000a\000l\000e\000a\000t\000o\000r\000i\000\040\000c\000o\000n\000t\000i\000n\000u\000i}{section.7}% 27
\BOOKMARK [2][-]{subsection.7.3}{\376\377\000V\000a\000l\000o\000r\000e\000\040\000a\000t\000t\000e\000s\000o\000\040\000d\000i\000\040\000v\000e\000t\000t\000o\000r\000i\000\040\000a\000l\000e\000a\000t\000o\000r\000i}{section.7}% 28
