This is pdfTeX, Version 3.141592653-2.6-1.40.26 (TeX Live 2024) (preloaded format=pdflatex 2025.3.2)  12 JAN 2026 23:15
entering extended mode
 restricted \write18 enabled.
 file:line:error style messages enabled.
 %&-line parsing enabled.
**/Users/narrow/projects/notes/electronic_devices/report.tex
(/Users/narrow/projects/notes/electronic_devices/report.tex
LaTeX2e <2023-11-01> patch level 1
L3 programming layer <2024-02-20>
(/usr/local/texlive/2024/texmf-dist/tex/latex/base/book.cls
Document Class: book 2023/05/17 v1.4n Standard LaTeX document class
(/usr/local/texlive/2024/texmf-dist/tex/latex/base/bk10.clo
File: bk10.clo 2023/05/17 v1.4n Standard LaTeX file (size option)
)
\c@part=\count188
\c@chapter=\count189
\c@section=\count190
\c@subsection=\count191
\c@subsubsection=\count192
\c@paragraph=\count193
\c@subparagraph=\count194
\c@figure=\count195
\c@table=\count196
\abovecaptionskip=\skip48
\belowcaptionskip=\skip49
\bibindent=\dimen140
) (/usr/local/texlive/2024/texmf-dist/tex/latex/amsmath/amsmath.sty
Package: amsmath 2023/05/13 v2.17o AMS math features
\@mathmargin=\skip50

For additional information on amsmath, use the `?' option.
(/usr/local/texlive/2024/texmf-dist/tex/latex/amsmath/amstext.sty
Package: amstext 2021/08/26 v2.01 AMS text
 (/usr/local/texlive/2024/texmf-dist/tex/latex/amsmath/amsgen.sty
File: amsgen.sty 1999/11/30 v2.0 generic functions
\@emptytoks=\toks17
\ex@=\dimen141
)) (/usr/local/texlive/2024/texmf-dist/tex/latex/amsmath/amsbsy.sty
Package: amsbsy 1999/11/29 v1.2d Bold Symbols
\pmbraise@=\dimen142
) (/usr/local/texlive/2024/texmf-dist/tex/latex/amsmath/amsopn.sty
Package: amsopn 2022/04/08 v2.04 operator names
)
\inf@bad=\count197
LaTeX Info: Redefining \frac on input line 234.
\uproot@=\count198
\leftroot@=\count199
LaTeX Info: Redefining \overline on input line 399.
LaTeX Info: Redefining \colon on input line 410.
\classnum@=\count266
\DOTSCASE@=\count267
LaTeX Info: Redefining \ldots on input line 496.
LaTeX Info: Redefining \dots on input line 499.
LaTeX Info: Redefining \cdots on input line 620.
\Mathstrutbox@=\box51
\strutbox@=\box52
LaTeX Info: Redefining \big on input line 722.
LaTeX Info: Redefining \Big on input line 723.
LaTeX Info: Redefining \bigg on input line 724.
LaTeX Info: Redefining \Bigg on input line 725.
\big@size=\dimen143
LaTeX Font Info:    Redeclaring font encoding OML on input line 743.
LaTeX Font Info:    Redeclaring font encoding OMS on input line 744.
\macc@depth=\count268
LaTeX Info: Redefining \bmod on input line 905.
LaTeX Info: Redefining \pmod on input line 910.
LaTeX Info: Redefining \smash on input line 940.
LaTeX Info: Redefining \relbar on input line 970.
LaTeX Info: Redefining \Relbar on input line 971.
\c@MaxMatrixCols=\count269
\dotsspace@=\muskip16
\c@parentequation=\count270
\dspbrk@lvl=\count271
\tag@help=\toks18
\row@=\count272
\column@=\count273
\maxfields@=\count274
\andhelp@=\toks19
\eqnshift@=\dimen144
\alignsep@=\dimen145
\tagshift@=\dimen146
\tagwidth@=\dimen147
\totwidth@=\dimen148
\lineht@=\dimen149
\@envbody=\toks20
\multlinegap=\skip51
\multlinetaggap=\skip52
\mathdisplay@stack=\toks21
LaTeX Info: Redefining \[ on input line 2953.
LaTeX Info: Redefining \] on input line 2954.
) (/usr/local/texlive/2024/texmf-dist/tex/latex/tools/array.sty
Package: array 2023/10/16 v2.5g Tabular extension package (FMi)
\col@sep=\dimen150
\ar@mcellbox=\box53
\extrarowheight=\dimen151
\NC@list=\toks22
\extratabsurround=\skip53
\backup@length=\skip54
\ar@cellbox=\box54
) (/usr/local/texlive/2024/texmf-dist/tex/latex/amsfonts/amssymb.sty
Package: amssymb 2013/01/14 v3.01 AMS font symbols
 (/usr/local/texlive/2024/texmf-dist/tex/latex/amsfonts/amsfonts.sty
Package: amsfonts 2013/01/14 v3.01 Basic AMSFonts support
\symAMSa=\mathgroup4
\symAMSb=\mathgroup5
LaTeX Font Info:    Redeclaring math symbol \hbar on input line 98.
LaTeX Font Info:    Overwriting math alphabet `\mathfrak' in version `bold'
(Font)                  U/euf/m/n --> U/euf/b/n on input line 106.
)) (/usr/local/texlive/2024/texmf-dist/tex/latex/amscls/amsthm.sty
Package: amsthm 2020/05/29 v2.20.6
\thm@style=\toks23
\thm@bodyfont=\toks24
\thm@headfont=\toks25
\thm@notefont=\toks26
\thm@headpunct=\toks27
\thm@preskip=\skip55
\thm@postskip=\skip56
\thm@headsep=\skip57
\dth@everypar=\toks28
) (/usr/local/texlive/2024/texmf-dist/tex/latex/enumitem/enumitem.sty
Package: enumitem 2019/06/20 v3.9 Customized lists
\enitkv@toks@=\toks29
\labelindent=\skip58
\enit@outerparindent=\dimen152
\enit@toks=\toks30
\enit@inbox=\box55
\enit@count@id=\count275
\enitdp@description=\count276
) (/usr/local/texlive/2024/texmf-dist/tex/latex/titling/titling.sty
Package: titling 2009/09/04 v2.1d maketitle typesetting
\thanksmarkwidth=\skip59
\thanksmargin=\skip60
\droptitle=\skip61
) (/usr/local/texlive/2024/texmf-dist/tex/latex/graphics/graphicx.sty
Package: graphicx 2021/09/16 v1.2d Enhanced LaTeX Graphics (DPC,SPQR)
 (/usr/local/texlive/2024/texmf-dist/tex/latex/graphics/keyval.sty
Package: keyval 2022/05/29 v1.15 key=value parser (DPC)
\KV@toks@=\toks31
) (/usr/local/texlive/2024/texmf-dist/tex/latex/graphics/graphics.sty
Package: graphics 2022/03/10 v1.4e Standard LaTeX Graphics (DPC,SPQR)
 (/usr/local/texlive/2024/texmf-dist/tex/latex/graphics/trig.sty
Package: trig 2021/08/11 v1.11 sin cos tan (DPC)
) (/usr/local/texlive/2024/texmf-dist/tex/latex/graphics-cfg/graphics.cfg
File: graphics.cfg 2016/06/04 v1.11 sample graphics configuration
)
Package graphics Info: Driver file: pdftex.def on input line 107.
 (/usr/local/texlive/2024/texmf-dist/tex/latex/graphics-def/pdftex.def
File: pdftex.def 2022/09/22 v1.2b Graphics/color driver for pdftex
))
\Gin@req@height=\dimen153
\Gin@req@width=\dimen154
) (/usr/local/texlive/2024/texmf-dist/tex/latex/caption/subcaption.sty
Package: subcaption 2023/07/28 v1.6b Sub-captions (AR)
 (/usr/local/texlive/2024/texmf-dist/tex/latex/caption/caption.sty
Package: caption 2023/08/05 v3.6o Customizing captions (AR)
 (/usr/local/texlive/2024/texmf-dist/tex/latex/caption/caption3.sty
Package: caption3 2023/07/31 v2.4d caption3 kernel (AR)
\caption@tempdima=\dimen155
\captionmargin=\dimen156
\caption@leftmargin=\dimen157
\caption@rightmargin=\dimen158
\caption@width=\dimen159
\caption@indent=\dimen160
\caption@parindent=\dimen161
\caption@hangindent=\dimen162
Package caption Info: Standard document class detected.
)
\c@caption@flags=\count277
\c@continuedfloat=\count278
)
Package caption Info: New subtype `subfigure' on input line 238.
\c@subfigure=\count279
Package caption Info: New subtype `subtable' on input line 238.
\c@subtable=\count280
) (/usr/local/texlive/2024/texmf-dist/tex/latex/float/float.sty
Package: float 2001/11/08 v1.3d Float enhancements (AL)
\c@float@type=\count281
\float@exts=\toks32
\float@box=\box56
\@float@everytoks=\toks33
\@floatcapt=\box57
) (/usr/local/texlive/2024/texmf-dist/tex/latex/hyperref/nameref.sty
Package: nameref 2023-11-26 v2.56 Cross-referencing by name of section
 (/usr/local/texlive/2024/texmf-dist/tex/latex/refcount/refcount.sty
Package: refcount 2019/12/15 v3.6 Data extraction from label references (HO)
 (/usr/local/texlive/2024/texmf-dist/tex/generic/ltxcmds/ltxcmds.sty
Package: ltxcmds 2023-12-04 v1.26 LaTeX kernel commands for general use (HO)
) (/usr/local/texlive/2024/texmf-dist/tex/generic/infwarerr/infwarerr.sty
Package: infwarerr 2019/12/03 v1.5 Providing info/warning/error messages (HO)
)) (/usr/local/texlive/2024/texmf-dist/tex/generic/gettitlestring/gettitlestring.sty
Package: gettitlestring 2019/12/15 v1.6 Cleanup title references (HO)
 (/usr/local/texlive/2024/texmf-dist/tex/latex/kvoptions/kvoptions.sty
Package: kvoptions 2022-06-15 v3.15 Key value format for package options (HO)
 (/usr/local/texlive/2024/texmf-dist/tex/latex/kvsetkeys/kvsetkeys.sty
Package: kvsetkeys 2022-10-05 v1.19 Key value parser (HO)
)))
\c@section@level=\count282
) (/usr/local/texlive/2024/texmf-dist/tex/latex/fancyhdr/fancyhdr.sty
Package: fancyhdr 2022/11/09 v4.1 Extensive control of page headers and footers
\f@nch@headwidth=\skip62
\f@nch@O@elh=\skip63
\f@nch@O@erh=\skip64
\f@nch@O@olh=\skip65
\f@nch@O@orh=\skip66
\f@nch@O@elf=\skip67
\f@nch@O@erf=\skip68
\f@nch@O@olf=\skip69
\f@nch@O@orf=\skip70
) (/usr/local/texlive/2024/texmf-dist/tex/latex/geometry/geometry.sty
Package: geometry 2020/01/02 v5.9 Page Geometry
 (/usr/local/texlive/2024/texmf-dist/tex/generic/iftex/ifvtex.sty
Package: ifvtex 2019/10/25 v1.7 ifvtex legacy package. Use iftex instead.
 (/usr/local/texlive/2024/texmf-dist/tex/generic/iftex/iftex.sty
Package: iftex 2022/02/03 v1.0f TeX engine tests
))
\Gm@cnth=\count283
\Gm@cntv=\count284
\c@Gm@tempcnt=\count285
\Gm@bindingoffset=\dimen163
\Gm@wd@mp=\dimen164
\Gm@odd@mp=\dimen165
\Gm@even@mp=\dimen166
\Gm@layoutwidth=\dimen167
\Gm@layoutheight=\dimen168
\Gm@layouthoffset=\dimen169
\Gm@layoutvoffset=\dimen170
\Gm@dimlist=\toks34
) (/usr/local/texlive/2024/texmf-dist/tex/latex/fancyvrb/fancyvrb.sty
Package: fancyvrb 2024/01/20 4.5c verbatim text (tvz,hv)
\FV@CodeLineNo=\count286
\FV@InFile=\read2
\FV@TabBox=\box58
\c@FancyVerbLine=\count287
\FV@StepNumber=\count288
\FV@OutFile=\write3
) (/usr/local/texlive/2024/texmf-dist/tex/latex/titlesec/titlesec.sty
Package: titlesec 2023/10/27 v2.16 Sectioning titles
\ttl@box=\box59
\beforetitleunit=\skip71
\aftertitleunit=\skip72
\ttl@plus=\dimen171
\ttl@minus=\dimen172
\ttl@toksa=\toks35
\titlewidth=\dimen173
\titlewidthlast=\dimen174
\titlewidthfirst=\dimen175
) (/usr/local/texlive/2024/texmf-dist/tex/latex/physics/physics.sty
Package: physics 
 (/usr/local/texlive/2024/texmf-dist/tex/latex/l3packages/xparse/xparse.sty (/usr/local/texlive/2024/texmf-dist/tex/latex/l3kernel/expl3.sty
Package: expl3 2024-02-20 L3 programming layer (loader) 
 (/usr/local/texlive/2024/texmf-dist/tex/latex/l3backend/l3backend-pdftex.def
File: l3backend-pdftex.def 2024-02-20 L3 backend support: PDF output (pdfTeX)
\l__color_backend_stack_int=\count289
\l__pdf_internal_box=\box60
))
Package: xparse 2024-02-18 L3 Experimental document command parser
))
\c@theorem=\count290
\c@corollary=\count291
\c@osservazione=\count292
\c@lemma=\count293
\c@proposition=\count294
\c@definition=\count295
 (./report.aux)
\openout1 = `report.aux'.

LaTeX Font Info:    Checking defaults for OML/cmm/m/it on input line 37.
LaTeX Font Info:    ... okay on input line 37.
LaTeX Font Info:    Checking defaults for OMS/cmsy/m/n on input line 37.
LaTeX Font Info:    ... okay on input line 37.
LaTeX Font Info:    Checking defaults for OT1/cmr/m/n on input line 37.
LaTeX Font Info:    ... okay on input line 37.
LaTeX Font Info:    Checking defaults for T1/cmr/m/n on input line 37.
LaTeX Font Info:    ... okay on input line 37.
LaTeX Font Info:    Checking defaults for TS1/cmr/m/n on input line 37.
LaTeX Font Info:    ... okay on input line 37.
LaTeX Font Info:    Checking defaults for OMX/cmex/m/n on input line 37.
LaTeX Font Info:    ... okay on input line 37.
LaTeX Font Info:    Checking defaults for U/cmr/m/n on input line 37.
LaTeX Font Info:    ... okay on input line 37.
 (/usr/local/texlive/2024/texmf-dist/tex/context/base/mkii/supp-pdf.mkii
[Loading MPS to PDF converter (version 2006.09.02).]
\scratchcounter=\count296
\scratchdimen=\dimen176
\scratchbox=\box61
\nofMPsegments=\count297
\nofMParguments=\count298
\everyMPshowfont=\toks36
\MPscratchCnt=\count299
\MPscratchDim=\dimen177
\MPnumerator=\count300
\makeMPintoPDFobject=\count301
\everyMPtoPDFconversion=\toks37
) (/usr/local/texlive/2024/texmf-dist/tex/latex/epstopdf-pkg/epstopdf-base.sty
Package: epstopdf-base 2020-01-24 v2.11 Base part for package epstopdf
Package epstopdf-base Info: Redefining graphics rule for `.eps' on input line 485.
 (/usr/local/texlive/2024/texmf-dist/tex/latex/latexconfig/epstopdf-sys.cfg
File: epstopdf-sys.cfg 2010/07/13 v1.3 Configuration of (r)epstopdf for TeX Live
))
Package caption Info: Begin \AtBeginDocument code.
Package caption Info: float package is loaded.
Package caption Info: End \AtBeginDocument code.

*geometry* driver: auto-detecting
*geometry* detected driver: pdftex
*geometry* verbose mode - [ preamble ] result:
* driver: pdftex
* paper: a4paper
* layout: <same size as paper>
* layoutoffset:(h,v)=(0.0pt,0.0pt)
* modes: twoside 
* h-part:(L,W,R)=(72.26999pt, 452.9679pt, 72.26999pt)
* v-part:(T,H,B)=(72.26999pt, 700.50687pt, 72.26999pt)
* \paperwidth=597.50787pt
* \paperheight=845.04684pt
* \textwidth=452.9679pt
* \textheight=700.50687pt
* \oddsidemargin=0.0pt
* \evensidemargin=0.0pt
* \topmargin=-30.06749pt
* \headheight=12.0pt
* \headsep=18.06749pt
* \topskip=10.0pt
* \footskip=25.29494pt
* \marginparwidth=125.0pt
* \marginparsep=7.0pt
* \columnsep=10.0pt
* \skip\footins=9.0pt plus 4.0pt minus 2.0pt
* \hoffset=0.0pt
* \voffset=0.0pt
* \mag=1000
* \@twocolumnfalse
* \@twosidetrue
* \@mparswitchtrue
* \@reversemarginfalse
* (1in=72.27pt=25.4mm, 1cm=28.453pt)

LaTeX Font Info:    Trying to load font information for U+msa on input line 38.
(/usr/local/texlive/2024/texmf-dist/tex/latex/amsfonts/umsa.fd
File: umsa.fd 2013/01/14 v3.01 AMS symbols A
)
LaTeX Font Info:    Trying to load font information for U+msb on input line 38.
 (/usr/local/texlive/2024/texmf-dist/tex/latex/amsfonts/umsb.fd
File: umsb.fd 2013/01/14 v3.01 AMS symbols B
) [1


{/usr/local/texlive/2024/texmf-var/fonts/map/pdftex/updmap/pdftex.map}] [2

]
Underfull \hbox (badness 6708) in paragraph at lines 65--65
[]|\OT1/cmr/m/n/10 Energy gap ($\OML/cmm/m/it/10 E[]\OMS/cmsy/m/n/10 j[]$\OT1/cmr/m/n/10 ) at
 []


Underfull \hbox (badness 3895) in paragraph at lines 71--71
[]|\OT1/cmr/m/n/10 Electron mo-bil-ity ($\OML/cmm/m/it/10 ^^V[]$\OT1/cmr/m/n/10 ) at
 []


Underfull \hbox (badness 4048) in paragraph at lines 75--75
[]|\OT1/cmr/m/n/10 Intrinsic car-rier con-cen-tra-
 []


Underfull \hbox (badness 4048) in paragraph at lines 77--77
[]|\OT1/cmr/m/n/10 Intrinsic car-rier con-cen-tra-
 []


Underfull \hbox (badness 10000) in paragraph at lines 79--79
[]|\OT1/cmr/m/n/10 Optical gen-er-a-tion rate
 []


Underfull \vbox (badness 7433) has occurred while \output is active []

 [3] [4{/usr/local/texlive/2024/texmf-dist/fonts/enc/dvips/cm-super/cm-super-ts1.enc}]
<./assignment1/plots/QA_1_plot.png, id=29, 424.7067pt x 312.6882pt>
File: ./assignment1/plots/QA_1_plot.png Graphic file (type png)
<use ./assignment1/plots/QA_1_plot.png>
Package pdftex.def Info: ./assignment1/plots/QA_1_plot.png  used on input line 140.
(pdftex.def)             Requested size: 362.37569pt x 266.80725pt.
<./assignment1/plots/QA_2_plot.png, id=31, 423.7431pt x 312.6882pt>
File: ./assignment1/plots/QA_2_plot.png Graphic file (type png)
<use ./assignment1/plots/QA_2_plot.png>
Package pdftex.def Info: ./assignment1/plots/QA_2_plot.png  used on input line 190.
(pdftex.def)             Requested size: 221.95676pt x 163.78682pt.
<./assignment1/plots/QA_2_plot_2.png, id=32, 423.7431pt x 312.6882pt>
File: ./assignment1/plots/QA_2_plot_2.png Graphic file (type png)
<use ./assignment1/plots/QA_2_plot_2.png>
Package pdftex.def Info: ./assignment1/plots/QA_2_plot_2.png  used on input line 196.
(pdftex.def)             Requested size: 221.95676pt x 163.78682pt.
 [5 <./assignment1/plots/QA_1_plot.png>]
<./assignment1/plots/QA_3_plot.png, id=38, 424.7067pt x 312.6882pt>
File: ./assignment1/plots/QA_3_plot.png Graphic file (type png)
<use ./assignment1/plots/QA_3_plot.png>
Package pdftex.def Info: ./assignment1/plots/QA_3_plot.png  used on input line 214.
(pdftex.def)             Requested size: 362.37569pt x 266.80725pt.
 [6 <./assignment1/plots/QA_2_plot.png> <./assignment1/plots/QA_2_plot_2.png> <./assignment1/plots/QA_3_plot.png>]
<./assignment1/plots/QA_3_plot_2.png, id=46, 422.7795pt x 312.6882pt>
File: ./assignment1/plots/QA_3_plot_2.png Graphic file (type png)
<use ./assignment1/plots/QA_3_plot_2.png>
Package pdftex.def Info: ./assignment1/plots/QA_3_plot_2.png  used on input line 249.
(pdftex.def)             Requested size: 362.37569pt x 268.02869pt.
<./assignment1/plots/QA_3_plot_3.png, id=47, 407.121pt x 311.7246pt>
File: ./assignment1/plots/QA_3_plot_3.png Graphic file (type png)
<use ./assignment1/plots/QA_3_plot_3.png>
Package pdftex.def Info: ./assignment1/plots/QA_3_plot_3.png  used on input line 275.
(pdftex.def)             Requested size: 362.37569pt x 277.48158pt.
 [7 <./assignment1/plots/QA_3_plot_2.png>]
<./assignment1/plots/QA_4_plot.png, id=53, 424.7067pt x 312.6882pt>
File: ./assignment1/plots/QA_4_plot.png Graphic file (type png)
<use ./assignment1/plots/QA_4_plot.png>
Package pdftex.def Info: ./assignment1/plots/QA_4_plot.png  used on input line 309.
(pdftex.def)             Requested size: 221.95676pt x 163.41467pt.
<./assignment1/plots/QA_4_plot_2.png, id=54, 423.7431pt x 316.5426pt>
File: ./assignment1/plots/QA_4_plot_2.png Graphic file (type png)
<use ./assignment1/plots/QA_4_plot_2.png>
Package pdftex.def Info: ./assignment1/plots/QA_4_plot_2.png  used on input line 315.
(pdftex.def)             Requested size: 221.95676pt x 165.80577pt.
 [8 <./assignment1/plots/QA_3_plot_3.png>] [9 <./assignment1/plots/QA_4_plot.png> <./assignment1/plots/QA_4_plot_2.png>] [10]
<./assignment1/plots/QB_1_plot.png, id=67, 417.7206pt x 323.2878pt>
File: ./assignment1/plots/QB_1_plot.png Graphic file (type png)
<use ./assignment1/plots/QB_1_plot.png>
Package pdftex.def Info: ./assignment1/plots/QB_1_plot.png  used on input line 425.
(pdftex.def)             Requested size: 362.37569pt x 280.45403pt.

Underfull \vbox (badness 10000) has occurred while \output is active []

 [11]
<./assignment1/plots/QB_1_plot_2.png, id=71, 417.7206pt x 323.2878pt>
File: ./assignment1/plots/QB_1_plot_2.png Graphic file (type png)
<use ./assignment1/plots/QB_1_plot_2.png>
Package pdftex.def Info: ./assignment1/plots/QB_1_plot_2.png  used on input line 435.
(pdftex.def)             Requested size: 221.95676pt x 171.77582pt.
<./assignment1/plots/QB_1_plot_3.png, id=72, 417.7206pt x 323.2878pt>
File: ./assignment1/plots/QB_1_plot_3.png Graphic file (type png)
<use ./assignment1/plots/QB_1_plot_3.png>
Package pdftex.def Info: ./assignment1/plots/QB_1_plot_3.png  used on input line 440.
(pdftex.def)             Requested size: 221.95676pt x 171.77582pt.
 [12 <./assignment1/plots/QB_1_plot.png> <./assignment1/plots/QB_1_plot_2.png> <./assignment1/plots/QB_1_plot_3.png>]
<./assignment1/plots/QB_2_plot.png, id=79, 401.3394pt x 323.2878pt>
File: ./assignment1/plots/QB_2_plot.png Graphic file (type png)
<use ./assignment1/plots/QB_2_plot.png>
Package pdftex.def Info: ./assignment1/plots/QB_2_plot.png  used on input line 468.
(pdftex.def)             Requested size: 221.95676pt x 178.79543pt.
<./assignment1/plots/QB_2_plot_2.png, id=80, 401.3394pt x 323.2878pt>
File: ./assignment1/plots/QB_2_plot_2.png Graphic file (type png)
<use ./assignment1/plots/QB_2_plot_2.png>
Package pdftex.def Info: ./assignment1/plots/QB_2_plot_2.png  used on input line 473.
(pdftex.def)             Requested size: 221.95676pt x 178.79543pt.
 [13 <./assignment1/plots/QB_2_plot.png> <./assignment1/plots/QB_2_plot_2.png>]
<./assignment1/plots/QB_3_plot_4.png, id=91, 424.2249pt x 323.2878pt>
File: ./assignment1/plots/QB_3_plot_4.png Graphic file (type png)
<use ./assignment1/plots/QB_3_plot_4.png>
Package pdftex.def Info: ./assignment1/plots/QB_3_plot_4.png  used on input line 509.
(pdftex.def)             Requested size: 221.95676pt x 169.14655pt.
<./assignment1/plots/QB_3_plot_5.png, id=92, 408.0846pt x 323.2878pt>
File: ./assignment1/plots/QB_3_plot_5.png Graphic file (type png)
<use ./assignment1/plots/QB_3_plot_5.png>
Package pdftex.def Info: ./assignment1/plots/QB_3_plot_5.png  used on input line 514.
(pdftex.def)             Requested size: 221.95676pt x 175.83565pt.
<./assignment1/plots/QB_3_plot.png, id=93, 424.2249pt x 323.2878pt>
File: ./assignment1/plots/QB_3_plot.png Graphic file (type png)
<use ./assignment1/plots/QB_3_plot.png>
Package pdftex.def Info: ./assignment1/plots/QB_3_plot.png  used on input line 522.
(pdftex.def)             Requested size: 221.95676pt x 169.14655pt.
<./assignment1/plots/QB_3_plot_2.png, id=94, 408.0846pt x 323.2878pt>
File: ./assignment1/plots/QB_3_plot_2.png Graphic file (type png)
<use ./assignment1/plots/QB_3_plot_2.png>
Package pdftex.def Info: ./assignment1/plots/QB_3_plot_2.png  used on input line 527.
(pdftex.def)             Requested size: 221.95676pt x 175.83565pt.
 [14 <./assignment1/plots/QB_3_plot_4.png> <./assignment1/plots/QB_3_plot_5.png> <./assignment1/plots/QB_3_plot.png> <./assignment1/plots/QB_3_plot_2.png>]
<./assignment1/plots/QB_3_plot_6.png, id=102, 415.5525pt x 312.6882pt>
File: ./assignment1/plots/QB_3_plot_6.png Graphic file (type png)
<use ./assignment1/plots/QB_3_plot_6.png>
Package pdftex.def Info: ./assignment1/plots/QB_3_plot_6.png  used on input line 557.
(pdftex.def)             Requested size: 221.95676pt x 167.01218pt.
<./assignment1/plots/QB_3_plot_3.png, id=103, 415.5525pt x 312.6882pt>
File: ./assignment1/plots/QB_3_plot_3.png Graphic file (type png)
<use ./assignment1/plots/QB_3_plot_3.png>
Package pdftex.def Info: ./assignment1/plots/QB_3_plot_3.png  used on input line 562.
(pdftex.def)             Requested size: 221.95676pt x 167.01218pt.
 [15 <./assignment1/plots/QB_3_plot_6.png> <./assignment1/plots/QB_3_plot_3.png>] [16

]
Underfull \hbox (badness 4048) in paragraph at lines 608--608
[]|\OT1/cmr/m/n/10 Intrinsic car-rier con-cen-tra-
 []

[17] [18]
<./assignment2/plots/QA1_plot.png, id=118, 424.2249pt x 314.6154pt>
File: ./assignment2/plots/QA1_plot.png Graphic file (type png)
<use ./assignment2/plots/QA1_plot.png>
Package pdftex.def Info: ./assignment2/plots/QA1_plot.png  used on input line 660.
(pdftex.def)             Requested size: 362.37569pt x 268.74931pt.
<./assignment2/plots/QA2_plot.png, id=119, 433.1382pt x 314.3745pt>
File: ./assignment2/plots/QA2_plot.png Graphic file (type png)
<use ./assignment2/plots/QA2_plot.png>
Package pdftex.def Info: ./assignment2/plots/QA2_plot.png  used on input line 689.
(pdftex.def)             Requested size: 362.37569pt x 263.01743pt.

Underfull \vbox (badness 3769) has occurred while \output is active []

 [19 <./assignment2/plots/QA1_plot.png>]
<./assignment2/plots/QA2_plot_2.png, id=125, 433.1382pt x 312.9291pt>
File: ./assignment2/plots/QA2_plot_2.png Graphic file (type png)
<use ./assignment2/plots/QA2_plot_2.png>
Package pdftex.def Info: ./assignment2/plots/QA2_plot_2.png  used on input line 703.
(pdftex.def)             Requested size: 362.37569pt x 261.80815pt.

Underfull \vbox (badness 5431) has occurred while \output is active []

 [20 <./assignment2/plots/QA2_plot.png> <./assignment2/plots/QA2_plot_2.png>]
<./assignment2/plots/QA3_plot.png, id=131, 433.8609pt x 312.6882pt>
File: ./assignment2/plots/QA3_plot.png Graphic file (type png)
<use ./assignment2/plots/QA3_plot.png>
Package pdftex.def Info: ./assignment2/plots/QA3_plot.png  used on input line 737.
(pdftex.def)             Requested size: 362.37569pt x 261.1772pt.
<./assignment2/plots/QA3_plot_2.png, id=132, 433.8609pt x 312.6882pt>
File: ./assignment2/plots/QA3_plot_2.png Graphic file (type png)
<use ./assignment2/plots/QA3_plot_2.png>
Package pdftex.def Info: ./assignment2/plots/QA3_plot_2.png  used on input line 755.
(pdftex.def)             Requested size: 362.37569pt x 261.1772pt.
 [21 <./assignment2/plots/QA3_plot.png>] [22 <./assignment2/plots/QA3_plot_2.png>]
<./assignment2/plots/QB1_plot.png, id=141, 423.0204pt x 300.8841pt>
File: ./assignment2/plots/QB1_plot.png Graphic file (type png)
<use ./assignment2/plots/QB1_plot.png>
Package pdftex.def Info: ./assignment2/plots/QB1_plot.png  used on input line 776.
(pdftex.def)             Requested size: 339.72592pt x 241.64877pt.
<./assignment2/plots/QB1_plot_2.png, id=142, 419.4069pt x 299.1978pt>
File: ./assignment2/plots/QB1_plot_2.png Graphic file (type png)
<use ./assignment2/plots/QB1_plot_2.png>
Package pdftex.def Info: ./assignment2/plots/QB1_plot_2.png  used on input line 794.
(pdftex.def)             Requested size: 317.07614pt x 226.21024pt.
 [23 <./assignment2/plots/QB1_plot.png> <./assignment2/plots/QB1_plot_2.png>]
<./assignment2/plots/QB1_plot_3.png, id=148, 419.4069pt x 299.1978pt>
File: ./assignment2/plots/QB1_plot_3.png Graphic file (type png)
<use ./assignment2/plots/QB1_plot_3.png>
Package pdftex.def Info: ./assignment2/plots/QB1_plot_3.png  used on input line 836.
(pdftex.def)             Requested size: 362.37569pt x 258.5286pt.
<./assignment2/plots/QB1_plot_4.png, id=149, 420.1296pt x 298.9569pt>
File: ./assignment2/plots/QB1_plot_4.png Graphic file (type png)
<use ./assignment2/plots/QB1_plot_4.png>
Package pdftex.def Info: ./assignment2/plots/QB1_plot_4.png  used on input line 847.
(pdftex.def)             Requested size: 362.37569pt x 257.85971pt.
 [24 <./assignment2/plots/QB1_plot_3.png>]
<./assignment2/plots/QB1_plot_5.png, id=154, 420.1296pt x 298.9569pt>
File: ./assignment2/plots/QB1_plot_5.png Graphic file (type png)
<use ./assignment2/plots/QB1_plot_5.png>
Package pdftex.def Info: ./assignment2/plots/QB1_plot_5.png  used on input line 866.
(pdftex.def)             Requested size: 362.37569pt x 257.85971pt.
 [25 <./assignment2/plots/QB1_plot_4.png> <./assignment2/plots/QB1_plot_5.png>]
<./assignment2/plots/QB1_plot_6.png, id=161, 413.3844pt x 298.9569pt>
File: ./assignment2/plots/QB1_plot_6.png Graphic file (type png)
<use ./assignment2/plots/QB1_plot_6.png>
Package pdftex.def Info: ./assignment2/plots/QB1_plot_6.png  used on input line 886.
(pdftex.def)             Requested size: 221.95676pt x 160.5174pt.
<./assignment2/plots/QB1_plot_7.png, id=162, 413.3844pt x 298.9569pt>
File: ./assignment2/plots/QB1_plot_7.png Graphic file (type png)
<use ./assignment2/plots/QB1_plot_7.png>
Package pdftex.def Info: ./assignment2/plots/QB1_plot_7.png  used on input line 892.
(pdftex.def)             Requested size: 221.95676pt x 160.5174pt.
<./assignment2/plots/QB1_plot_8.png, id=163, 413.3844pt x 298.9569pt>
File: ./assignment2/plots/QB1_plot_8.png Graphic file (type png)
<use ./assignment2/plots/QB1_plot_8.png>
Package pdftex.def Info: ./assignment2/plots/QB1_plot_8.png  used on input line 899.
(pdftex.def)             Requested size: 221.95676pt x 160.5174pt.
<./assignment2/plots/QB1_plot_9.png, id=164, 605.1408pt x 376.2858pt>
File: ./assignment2/plots/QB1_plot_9.png Graphic file (type png)
<use ./assignment2/plots/QB1_plot_9.png>
Package pdftex.def Info: ./assignment2/plots/QB1_plot_9.png  used on input line 922.
(pdftex.def)             Requested size: 362.37569pt x 225.3311pt.
 [26 <./assignment2/plots/QB1_plot_6.png> <./assignment2/plots/QB1_plot_7.png> <./assignment2/plots/QB1_plot_8.png>]
<./assignment2/plots/QB2_plot.png, id=172, 395.7987pt x 308.5929pt>
File: ./assignment2/plots/QB2_plot.png Graphic file (type png)
<use ./assignment2/plots/QB2_plot.png>
Package pdftex.def Info: ./assignment2/plots/QB2_plot.png  used on input line 939.
(pdftex.def)             Requested size: 339.72592pt x 264.88087pt.
 [27 <./assignment2/plots/QB1_plot_9.png> <./assignment2/plots/QB2_plot.png>]
<./assignment2/plots/unnamed.jpg, id=178, 1027.84pt x 561.09625pt>
File: ./assignment2/plots/unnamed.jpg Graphic file (type jpg)
<use ./assignment2/plots/unnamed.jpg>
Package pdftex.def Info: ./assignment2/plots/unnamed.jpg  used on input line 949.
(pdftex.def)             Requested size: 113.24197pt x 61.81496pt.
 [28 <./assignment2/plots/unnamed.jpg>] [29

] [30] [31] [32] [33] (./report.aux)
 ***********
LaTeX2e <2023-11-01> patch level 1
L3 programming layer <2024-02-20>
 ***********
 ) 
Here is how much of TeX's memory you used:
 7723 strings out of 474116
 128207 string characters out of 5743683
 1943187 words of memory out of 5000000
 29985 multiletter control sequences out of 15000+600000
 568632 words of font info for 77 fonts, out of 8000000 for 9000
 1141 hyphenation exceptions out of 8191
 79i,13n,93p,445b,557s stack positions out of 10000i,1000n,20000p,200000b,200000s
</usr/local/texlive/2024/texmf-dist/fonts/type1/public/amsfonts/cm/cmbx10.pfb></usr/local/texlive/2024/texmf-dist/fonts/type1/public/amsfonts/cm/cmbx12.pfb></usr/local/texlive/2024/texmf-dist/fonts/type1/public/amsfonts/cm/cmex10.pfb></usr/local/texlive/2024/texmf-dist/fonts/type1/public/amsfonts/cm/cmmi10.pfb></usr/local/texlive/2024/texmf-dist/fonts/type1/public/amsfonts/cm/cmmi5.pfb></usr/local/texlive/2024/texmf-dist/fonts/type1/public/amsfonts/cm/cmmi6.pfb></usr/local/texlive/2024/texmf-dist/fonts/type1/public/amsfonts/cm/cmmi7.pfb></usr/local/texlive/2024/texmf-dist/fonts/type1/public/amsfonts/cm/cmmi9.pfb></usr/local/texlive/2024/texmf-dist/fonts/type1/public/amsfonts/cm/cmr10.pfb></usr/local/texlive/2024/texmf-dist/fonts/type1/public/amsfonts/cm/cmr12.pfb></usr/local/texlive/2024/texmf-dist/fonts/type1/public/amsfonts/cm/cmr17.pfb></usr/local/texlive/2024/texmf-dist/fonts/type1/public/amsfonts/cm/cmr5.pfb></usr/local/texlive/2024/texmf-dist/fonts/type1/public/amsfonts/cm/cmr6.pfb></usr/local/texlive/2024/texmf-dist/fonts/type1/public/amsfonts/cm/cmr7.pfb></usr/local/texlive/2024/texmf-dist/fonts/type1/public/amsfonts/cm/cmr9.pfb></usr/local/texlive/2024/texmf-dist/fonts/type1/public/amsfonts/cm/cmsl10.pfb></usr/local/texlive/2024/texmf-dist/fonts/type1/public/amsfonts/cm/cmsy10.pfb></usr/local/texlive/2024/texmf-dist/fonts/type1/public/amsfonts/cm/cmsy5.pfb></usr/local/texlive/2024/texmf-dist/fonts/type1/public/amsfonts/cm/cmsy7.pfb></usr/local/texlive/2024/texmf-dist/fonts/type1/public/amsfonts/cm/cmsy9.pfb></usr/local/texlive/2024/texmf-dist/fonts/type1/public/amsfonts/cm/cmtt10.pfb></usr/local/texlive/2024/texmf-dist/fonts/type1/public/cm-super/sfrm1000.pfb>
Output written on report.pdf (33 pages, 3528437 bytes).
PDF statistics:
 292 PDF objects out of 1000 (max. 8388607)
 142 compressed objects within 2 object streams
 0 named destinations out of 1000 (max. 500000)
 176 words of extra memory for PDF output out of 10000 (max. 10000000)

